
> shuttle-website@0.1.0 build
> next build

  Ôû▓ Next.js 14.2.35
  - Environments: .env.local

   Creating an optimized production build ...
 Ô£ô Compiled successfully
   Linting and checking validity of types ...
node.exe : Failed to compile.
At line:1 char:1
+ & "C:\Program Files\nodejs/node.exe" "C:\Program Files\nodejs/node_mo ...
+ ~~~~~~~~~~~~~~~~~~~~~~~~~~~~~~~~~~~~~~~~~~~~~~~~~~~~~~~~~~~~~~~~~~~~~
    + CategoryInfo          : NotSpecified: (Failed to compile.:String) [], RemoteException
    + FullyQualifiedErrorId : NativeCommandError
 

./src/lib/auth.ts:6:16
Type error: No overload matches this call.
  Overload 1 of 5, '(payload: string | object | Buffer<ArrayBufferLike>, 
secretOrPrivateKey: null, options?: (SignOptions & { algorithm: "none"; }) | undefined): 
string', gave the following error.
    Argument of type 'string' is not assignable to parameter of type 'null'.
  Overload 2 of 5, '(payload: string | object | Buffer<ArrayBufferLike>, 
secretOrPrivateKey: Buffer<ArrayBufferLike> | Secret | PrivateKeyInput | JsonWebKeyInput, 
options?: SignOptions | undefined): string', gave the following error.
    Type 'string' is not assignable to type 'number | StringValue | undefined'.
  Overload 3 of 5, '(payload: string | object | Buffer<ArrayBufferLike>, 
secretOrPrivateKey: Buffer<ArrayBufferLike> | Secret | PrivateKeyInput | JsonWebKeyInput, 
callback: SignCallback): void', gave the following error.
    Object literal may only specify known properties, and 'expiresIn' does not exist in 
type 'SignCallback'.

[0m [90m 4 |[39m[0m
[0m [90m 5 |[39m [36mexport[39m [36mfunction[39m signToken(payload[33m:[39m 
any[33m,[39m expiresIn [33m=[39m [32m'7d'[39m) {[0m
[0m[31m[1m>[22m[39m[90m 6 |[39m     [36mreturn[39m 
jwt[33m.[39msign(payload[33m,[39m [33mJWT_SECRET[39m[33m,[39m { expiresIn })[0m
[0m [90m   |[39m                [31m[1m^[22m[39m[0m
[0m [90m 7 |[39m }[0m
[0m [90m 8 |[39m[0m
[0m [90m 9 |[39m [36mexport[39m [36mfunction[39m verifyToken(token[33m:[39m 
string) {[0m
Next.js build worker exited with code: 1 and signal: null
